// Jest Snapshot v1, https://goo.gl/fbAQLP

exports[`TimerButton Component renders without crashing 1`] = `ShallowWrapper {}`;
