// Jest Snapshot v1, https://goo.gl/fbAQLP

exports[`Timer Component renders without crashing 1`] = `ShallowWrapper {}`;
